[spruko.com/demo/sash/sash/html/index.html]
[backblue.gif]
[fade.gif]
[index.html]
[spruko.com/demo/sash/sash/assets/js/jquery.min.js]
[spruko.com/demo/sash/sash/assets/plugins/bootstrap/js/popper.min.js]
[spruko.com/demo/sash/sash/assets/plugins/bootstrap/js/bootstrap.min.js]
[spruko.com/demo/sash/sash/assets/js/jquery.sparkline.min.js]
[spruko.com/demo/sash/sash/assets/js/sticky.js]
[spruko.com/demo/sash/sash/assets/js/circle-progress.min.js]
[spruko.com/demo/sash/sash/assets/plugins/peitychart/jquery.peity.min.js]
[spruko.com/demo/sash/sash/assets/plugins/peitychart/peitychart.init.js]
[spruko.com/demo/sash/sash/assets/plugins/sidebar/sidebar.js]
[spruko.com/demo/sash/sash/assets/plugins/p-scroll/perfect-scrollbar.js]
[spruko.com/demo/sash/sash/assets/plugins/p-scroll/pscroll.js]
[spruko.com/demo/sash/sash/assets/plugins/p-scroll/pscroll-1.js]
[spruko.com/demo/sash/sash/assets/plugins/chart/Chart.bundle.js]
[spruko.com/demo/sash/sash/assets/plugins/chart/rounded-barchart.js]
[spruko.com/demo/sash/sash/assets/plugins/chart/utils.js]
[spruko.com/demo/sash/sash/assets/plugins/select2/select2.full.min.js]
[spruko.com/demo/sash/sash/assets/plugins/datatable/js/jquery.dataTables.min.js]
[spruko.com/demo/sash/sash/assets/plugins/datatable/js/dataTables.bootstrap5.js]
[spruko.com/demo/sash/sash/assets/plugins/datatable/dataTables.responsive.min.js]
[spruko.com/demo/sash/sash/assets/js/apexcharts.js]
[spruko.com/demo/sash/sash/assets/plugins/apexchart/irregular-data-series.js]
[spruko.com/demo/sash/sash/assets/plugins/flot/jquery.flot.js]
[spruko.com/demo/sash/sash/assets/plugins/flot/jquery.flot.fillbetween.js]
[spruko.com/demo/sash/sash/assets/plugins/flot/chart.flot.sampledata.js]
[spruko.com/demo/sash/sash/assets/plugins/flot/dashboard.sampledata.js]
[spruko.com/demo/sash/sash/assets/plugins/jvectormap/jquery-jvectormap-2.0.2.min.js]
[spruko.com/demo/sash/sash/assets/plugins/jvectormap/jquery-jvectormap-world-mill-en.js]
[spruko.com/demo/sash/sash/assets/plugins/sidemenu/sidemenu.js]
[spruko.com/demo/sash/sash/assets/plugins/bootstrap5-typehead/autocomplete.js]
[spruko.com/demo/sash/sash/assets/js/typehead.js]
[spruko.com/demo/sash/sash/assets/js/index1.js]
[spruko.com/demo/sash/sash/assets/js/themeColors.js]
[spruko.com/demo/sash/sash/assets/js/custom.js]
[spruko.com/demo/sash/sash/assets/switcher/js/switcher.js]
[spruko.com/demo/sash/sash/html/index.html]
[spruko.com/demo/sash/sash/assets/plugins/bootstrap/css/bootstrap.min.css]
[spruko.com/demo/sash/sash/assets/images/media/thumbnails/thumb2.jpg]
[spruko.com/demo/sash/sash/assets/images/media/thumbnails/thumb3.jpg]
[spruko.com/demo/sash/sash/assets/images/media/22.jpg]
[spruko.com/demo/sash/sash/assets/images/pngs/bg.png]
[spruko.com/demo/sash/sash/assets/images/media/bg2.jpg]
[spruko.com/demo/sash/sash/assets/images/media/profile-background1.jpg]
[spruko.com/demo/sash/sash/assets/images/landing/bg4.png]
[spruko.com/demo/sash/sash/assets/images/landing/bg.png]
[spruko.com/demo/sash/sash/assets/images/landing/10.jpg]
[spruko.com/demo/sash/sash/assets/images/landing/16.jpg]
[spruko.com/demo/sash/sash/assets/images/landing/21.jpg]
[spruko.com/demo/sash/sash/assets/images/landing/bg2.jpg]
[spruko.com/demo/sash/sash/assets/images/landing/bg3.png]
[spruko.com/demo/sash/sash/assets/images/landing/bg4-dark.png]
[spruko.com/demo/sash/sash/assets/images/landing/bg-dark.png]
[spruko.com/demo/sash/sash/assets/images/landing/bg3-dark.png]
[spruko.com/demo/sash/sash/assets/plugins/dtree/images/misc.png]
[spruko.com/demo/sash/sash/assets/plugins/fancyuploder/fancy_upload.png]
[spruko.com/demo/sash/sash/assets/plugins/fancyuploder/fancy_microphone.png]
[spruko.com/demo/sash/sash/assets/plugins/fancyuploder/fancy_webcam.png]
[spruko.com/demo/sash/sash/assets/plugins/fancyuploder/fancy_okay.png]
[spruko.com/demo/sash/sash/assets/plugins/fancyuploder/fancy_remove.png]
[spruko.com/demo/sash/sash/assets/plugins/intl-tel-input-master/img/flags.png]
[spruko.com/demo/sash/sash/assets/plugins/intl-tel-input-master/img/flags@2x.png]
[spruko.com/demo/sash/sash/assets/plugins/ion.rangeSlider/img/sprite-skin-simple.png]
[spruko.com/demo/sash/sash/assets/plugins/leaflet/images/layers.png]
[spruko.com/demo/sash/sash/assets/plugins/leaflet/images/layers-2x.png]
[spruko.com/demo/sash/sash/assets/plugins/leaflet/images/marker-icon.png]
[spruko.com/demo/sash/sash/assets/plugins/multipleselect/multiple-select.png]
[ryanseddon.com/demo/css_custom-forms/gr_custom-inputs.png]
[spruko.com/demo/sash/sash/assets/css/style.css]
[spruko.com/demo/sash/sash/assets/css/dark-style.css]
[spruko.com/demo/sash/sash/assets/images/media/bg-img1.jpg]
[spruko.com/demo/sash/sash/assets/images/media/bg-img2.jpg]
[spruko.com/demo/sash/sash/assets/images/media/bg-img3.jpg]
[spruko.com/demo/sash/sash/assets/images/media/bg-img4.jpg]
[spruko.com/demo/sash/sash/assets/css/transparent-style.css]
[spruko.com/demo/sash/sash/assets/css/skin-modes.css]
[spruko.com/demo/sash/sash/assets/css/icons.css]
[spruko.com/demo/sash/sash/assets/colors/color1.css]
[spruko.com/demo/sash/sash/assets/switcher/css/switcher.css]
[spruko.com/demo/sash/sash/assets/switcher/demo.css]
[spruko.com/demo/sash/sash/assets/css/fonts/feather-webfont6cfa.html]
[spruko.com/demo/sash/sash/assets/css/fonts/feather-webfont6cfa-2.html]
[spruko.com/demo/sash/sash/assets/css/fonts/feather-webfont6cfa-3.html]
[spruko.com/demo/sash/sash/assets/css/fonts/feather-webfont6cfa-4.html]
[spruko.com/demo/sash/sash/assets/iconfonts/bootstrapicons/fonts/bootstrap-icons.woff2]
[spruko.com/demo/sash/sash/assets/iconfonts/bootstrapicons/fonts/bootstrap-icons.woff]
[spruko.com/demo/sash/sash/assets/iconfonts/bootstrapicons/bootstrap-icons.css]
[spruko.com/demo/sash/sash/assets/iconfonts/font-awesome/css/font-awesome.min.css]
[spruko.com/demo/sash/sash/assets/iconfonts/glyphicons/fonts/glyphicons-halflings-regular.eot]
[spruko.com/demo/sash/sash/assets/iconfonts/glyphicons/fonts/glyphicons-halflings-regulard41d.eot]
[spruko.com/demo/sash/sash/assets/iconfonts/glyphicons/fonts/glyphicons-halflings-regular.woff2]
[spruko.com/demo/sash/sash/assets/iconfonts/glyphicons/fonts/glyphicons-halflings-regular.woff]
[spruko.com/demo/sash/sash/assets/iconfonts/glyphicons/fonts/glyphicons-halflings-regular.ttf]
[spruko.com/demo/sash/sash/assets/iconfonts/glyphicons/glyphicon.css]
[spruko.com/demo/sash/sash/assets/iconfonts/ionicons/fonts/ioniconsaa26.eot]
[spruko.com/demo/sash/sash/assets/iconfonts/ionicons/fonts/ioniconsaa26.ttf]
[spruko.com/demo/sash/sash/assets/iconfonts/ionicons/fonts/ioniconsaa26.woff]
[spruko.com/demo/sash/sash/assets/iconfonts/ionicons/ionicons.css]
[spruko.com/demo/sash/sash/assets/iconfonts/linearicons/fonts/Linearicons-Free54e9.eot]
[spruko.com/demo/sash/sash/assets/iconfonts/linearicons/fonts/Linearicons-Freed41d.eot]
[spruko.com/demo/sash/sash/assets/iconfonts/linearicons/fonts/Linearicons-Free54e9.woff2]
[spruko.com/demo/sash/sash/assets/iconfonts/linearicons/fonts/Linearicons-Free54e9.woff]
[spruko.com/demo/sash/sash/assets/iconfonts/linearicons/fonts/Linearicons-Free54e9.ttf]
[spruko.com/demo/sash/sash/assets/iconfonts/linearicons/Linearicons.css]
[spruko.com/demo/sash/sash/assets/iconfonts/materialdesignicons/fonts/materialdesignicons-webfontdf71.eot]
[spruko.com/demo/sash/sash/assets/iconfonts/materialdesignicons/fonts/materialdesignicons-webfontd41d.eot]
[spruko.com/demo/sash/sash/assets/iconfonts/materialdesignicons/fonts/materialdesignicons-webfontdf71.woff2]
[spruko.com/demo/sash/sash/assets/iconfonts/materialdesignicons/fonts/materialdesignicons-webfontdf71.woff]
[spruko.com/demo/sash/sash/assets/iconfonts/materialdesignicons/fonts/materialdesignicons-webfontdf71.ttf]
[spruko.com/demo/sash/sash/assets/iconfonts/materialdesignicons/fonts/Material-Design-Iconic-Fontd1f1.woff2]
[spruko.com/demo/sash/sash/assets/iconfonts/materialdesignicons/fonts/Material-Design-Iconic-Fontd1f1.woff]
[spruko.com/demo/sash/sash/assets/iconfonts/materialdesignicons/fonts/Material-Design-Iconic-Fontd1f1.ttf]
[spruko.com/demo/sash/sash/assets/iconfonts/materialdesignicons/materialdesignicons.css]
[spruko.com/demo/sash/sash/assets/iconfonts/pe-icon-7-stroke/fonts/Pe-icon-7-strokebb1d.eot]
[spruko.com/demo/sash/sash/assets/iconfonts/pe-icon-7-stroke/fonts/Pe-icon-7-stroked41d.eot]
[spruko.com/demo/sash/sash/assets/iconfonts/pe-icon-7-stroke/fonts/Pe-icon-7-strokebb1d.woff]
[spruko.com/demo/sash/sash/assets/iconfonts/pe-icon-7-stroke/fonts/Pe-icon-7-strokebb1d.ttf]
[spruko.com/demo/sash/sash/assets/iconfonts/pe-icon-7-stroke/Pe-icon-7.css]
[spruko.com/demo/sash/sash/assets/iconfonts/simple-line-icons/fonts/Simple-Line-Iconsb26c.eot]
[spruko.com/demo/sash/sash/assets/iconfonts/simple-line-icons/fonts/Simple-Line-Iconsb26c.woff]
[spruko.com/demo/sash/sash/assets/iconfonts/simple-line-icons/simple-line-icons.css]
[spruko.com/demo/sash/sash/assets/iconfonts/themify/fonts/themify9f24.eot]
[spruko.com/demo/sash/sash/assets/iconfonts/themify/fonts/themifyd41d.eot]
[spruko.com/demo/sash/sash/assets/iconfonts/themify/fonts/themify9f24.woff]
[spruko.com/demo/sash/sash/assets/iconfonts/themify/fonts/themify9f24.ttf]
[spruko.com/demo/sash/sash/assets/iconfonts/themify/themify.css]
[spruko.com/demo/sash/sash/assets/iconfonts/typicons/fonts/typicons.eot]
[spruko.com/demo/sash/sash/assets/iconfonts/typicons/fonts/typiconsd41d.eot]
[spruko.com/demo/sash/sash/assets/iconfonts/typicons/fonts/typicons.woff]
[spruko.com/demo/sash/sash/assets/iconfonts/typicons/fonts/typicons.ttf]
[spruko.com/demo/sash/sash/assets/iconfonts/typicons/typicons.css]
[spruko.com/demo/sash/sash/assets/iconfonts/weathericons/fonts/weathericons-regular-webfont.eot]
[spruko.com/demo/sash/sash/assets/iconfonts/weathericons/fonts/weathericons-regular-webfontd41d.eot]
[spruko.com/demo/sash/sash/assets/iconfonts/weathericons/fonts/weathericons-regular-webfont.woff2]
[spruko.com/demo/sash/sash/assets/iconfonts/weathericons/fonts/weathericons-regular-webfont.woff]
[spruko.com/demo/sash/sash/assets/iconfonts/weathericons/fonts/weathericons-regular-webfont.ttf]
[spruko.com/demo/sash/sash/assets/iconfonts/weathericons/weathericons.css]
[spruko.com/demo/sash/sash/assets/iconfonts/feather/fonts/feather-webfont6cfa.eot]
[spruko.com/demo/sash/sash/assets/iconfonts/feather/fonts/feather-webfont6cfa.woff]
[spruko.com/demo/sash/sash/assets/iconfonts/feather/fonts/feather-webfont6cfa.ttf]
[spruko.com/demo/sash/sash/assets/iconfonts/feather/feather.css]
[spruko.com/demo/sash/sash/assets/iconfonts/remixicon/fonts/remixicon.eot]
[spruko.com/demo/sash/sash/assets/iconfonts/remixicon/fonts/remixicon.woff2]
[spruko.com/demo/sash/sash/assets/iconfonts/remixicon/fonts/remixicon.woff]
[spruko.com/demo/sash/sash/assets/iconfonts/remixicon/fonts/remixicon.ttf]
[spruko.com/demo/sash/sash/assets/iconfonts/remixicon/remixicon.css]
[spruko.com/demo/sash/sash/assets/iconfonts/glyphicons/fonts/glyphicons-halflings-regular.svg]
[spruko.com/demo/sash/sash/assets/iconfonts/ionicons/fonts/ioniconsaa26.svg]
[spruko.com/demo/sash/sash/assets/iconfonts/linearicons/fonts/Linearicons-Free54e9.svg]
[spruko.com/demo/sash/sash/assets/iconfonts/materialdesignicons/fonts/materialdesignicons-webfontdf71.svg]
[spruko.com/demo/sash/sash/assets/iconfonts/pe-icon-7-stroke/fonts/Pe-icon-7-strokebb1d.svg]
[spruko.com/demo/sash/sash/assets/iconfonts/simple-line-icons/fonts/Simple-Line-Iconsb26c.svg]
[spruko.com/demo/sash/sash/assets/iconfonts/themify/fonts/themify9f24.svg]
[spruko.com/demo/sash/sash/assets/iconfonts/typicons/fonts/typicons.svg]
[spruko.com/demo/sash/sash/assets/iconfonts/weathericons/fonts/weathericons-regular-webfont.svg]
[spruko.com/demo/sash/sash/assets/iconfonts/feather/fonts/feather-webfont6cfa.svg]
[jquery.bassistance.de/treeview/images/treeview-default-line.gif]
